// Jest Snapshot v1, https://goo.gl/fbAQLP

exports[`App component should render  1`] = `"<li class=\\"Message__box__undefined\\"><ul class=\\"Message__client__undefined\\"></ul></li>"`;
