// Jest Snapshot v1, https://goo.gl/fbAQLP

exports[`App component should render  1`] = `"<div class=\\"App App__Messenger\\"><section class=\\"Chat__Messenger\\"><header class=\\"Chat__Header__Messenger\\"><div class=\\"Chat__OperatorName__Messenger\\">Chat with John</div><button class=\\"Chat__CloseBtn__Messenger\\">Ã—</button></header><ul class=\\"Chat__Body__Messenger\\"></ul><form class=\\"Input__Form__Messenger\\"><input class=\\"Input__Messenger\\" placeholder=\\"Type Here\\" name=\\"messages\\" value /></form></section></div>"`;
