// Jest Snapshot v1, https://goo.gl/fbAQLP

exports[`App component should render  1`] = `"<form class=\\"Input__Form__undefined\\"><input class=\\"Input__undefined\\" placeholder=\\"Type Here\\" name=\\"messages\\" /></form>"`;
